trent
trent
38

trent

trent
ewan
trent 38
ewan 4

42
42
answer

42
42 answer

# lookup errors
bar
done
