# no args
json: error: doesn't look like JSON: SyntaxError: Unexpected token ILLEGAL (buffer="{'foo'}\n")
{'foo'}
# -q
{'foo'}
# --quiet
{'foo'}
