  -h, --help    print this help info and exit

json

boo
